// Jest Snapshot v1, https://goo.gl/fbAQLP

exports[`SuccessPage renders the component 1`] = `
<div class="sheet simple-page ddm-page-success-layout">
  <div class="form-builder-layout">
    <h5 class="pagination">success-page</h5>
    <div class="active ddm-form-page lfr-ddm-form-page form-builder-success-page"><input class="form-builder-page-header-title form-control p-0" maxlength="120" placeholder="" data-setting="title" type="text" value="thank-you"><input class="form-builder-page-header-description form-control p-0" data-setting="body" type="text" maxlength="120" placeholder="" value="your-information-was-successfully-received-thank-you-for-filling-out-the-form"></div>
  </div>
</div>
`;
