// Jest Snapshot v1, https://goo.gl/fbAQLP

exports[`index renders 1`] = `
<DocumentFragment>
  <div
    class="form-report"
  >
    <div
      class="col-md-8"
    >
      <div
        class="sheet"
      >
        <div
          class="col-md-12"
        >
          <div
            class="card card-type-asset form-check form-check-card form-check-top-left image-card"
          >
            <div
              class="card-header card-item-first aspect-ratio"
            >
              <div
                class="aspect-ratio-item aspect-ratio-item-center-left aspect-ratio-item-fluid card-symbol card-type-asset-icon"
                data-tooltip-align="bottom"
                data-tooltip-delay="300"
                title="radio-field-type-label"
              >
                <svg
                  class="lexicon-icon lexicon-icon-radio-button"
                  role="presentation"
                >
                  <use
                    xlink:href="#radio-button"
                  />
                </svg>
              </div>
              <div
                class="field-info"
              >
                <p
                  class="card-title"
                  title="field1"
                >
                  <span
                    class="text-truncate-inline"
                  >
                    <span
                      class="text-truncate"
                    >
                      field1
                    </span>
                  </span>
                </p>
                <p
                  class="card-text"
                  title="there-are-no-entries"
                >
                  there-are-no-entries
                </p>
              </div>
            </div>
            <div
              class="card-body"
            >
              <div
                class="empty-message taglib-empty-result-message"
              >
                <div
                  class="taglib-empty-result-message-header"
                />
                <div
                  class="sheet-text text-center text-muted"
                >
                  <h1
                    class="text-default"
                  >
                    there-are-no-entries
                  </h1>
                  <p
                    class="text-default"
                  >
                    entries-submitted-with-this-field-filled-will-show-up-here
                  </p>
                </div>
              </div>
            </div>
          </div>
        </div>
      </div>
    </div>
    <div
      class="col-md-8"
    >
      <div
        class="sheet"
      >
        <div
          class="col-md-12"
        >
          <div
            class="card card-type-asset form-check form-check-card form-check-top-left image-card"
          >
            <div
              class="card-header card-item-first aspect-ratio"
            >
              <div
                class="aspect-ratio-item aspect-ratio-item-center-left aspect-ratio-item-fluid card-symbol card-type-asset-icon"
                data-tooltip-align="bottom"
                data-tooltip-delay="300"
                title="radio-field-type-label"
              >
                <svg
                  class="lexicon-icon lexicon-icon-radio-button"
                  role="presentation"
                >
                  <use
                    xlink:href="#radio-button"
                  />
                </svg>
              </div>
              <div
                class="field-info"
              >
                <p
                  class="card-title"
                  title="field2"
                >
                  <span
                    class="text-truncate-inline"
                  >
                    <span
                      class="text-truncate"
                    >
                      field2
                    </span>
                  </span>
                </p>
                <p
                  class="card-text"
                  title="there-are-no-entries"
                >
                  there-are-no-entries
                </p>
              </div>
            </div>
            <div
              class="card-body"
            >
              <div
                class="empty-message taglib-empty-result-message"
              >
                <div
                  class="taglib-empty-result-message-header"
                />
                <div
                  class="sheet-text text-center text-muted"
                >
                  <h1
                    class="text-default"
                  >
                    there-are-no-entries
                  </h1>
                  <p
                    class="text-default"
                  >
                    entries-submitted-with-this-field-filled-will-show-up-here
                  </p>
                </div>
              </div>
            </div>
          </div>
        </div>
      </div>
    </div>
    <div
      class="col-md-8"
    >
      <div
        class="sheet"
      >
        <div
          class="col-md-12"
        >
          <div
            class="card card-type-asset form-check form-check-card form-check-top-left image-card"
          >
            <div
              class="card-header card-item-first aspect-ratio"
            >
              <div
                class="aspect-ratio-item aspect-ratio-item-center-left aspect-ratio-item-fluid card-symbol card-type-asset-icon"
                data-tooltip-align="bottom"
                data-tooltip-delay="300"
                title="radio-field-type-label"
              >
                <svg
                  class="lexicon-icon lexicon-icon-radio-button"
                  role="presentation"
                >
                  <use
                    xlink:href="#radio-button"
                  />
                </svg>
              </div>
              <div
                class="field-info"
              >
                <p
                  class="card-title"
                  title="field3"
                >
                  <span
                    class="text-truncate-inline"
                  >
                    <span
                      class="text-truncate"
                    >
                      field3
                    </span>
                  </span>
                </p>
                <p
                  class="card-text"
                  title="there-are-no-entries"
                >
                  there-are-no-entries
                </p>
              </div>
            </div>
            <div
              class="card-body"
            >
              <div
                class="empty-message taglib-empty-result-message"
              >
                <div
                  class="taglib-empty-result-message-header"
                />
                <div
                  class="sheet-text text-center text-muted"
                >
                  <h1
                    class="text-default"
                  >
                    there-are-no-entries
                  </h1>
                  <p
                    class="text-default"
                  >
                    entries-submitted-with-this-field-filled-will-show-up-here
                  </p>
                </div>
              </div>
            </div>
          </div>
        </div>
      </div>
    </div>
  </div>
</DocumentFragment>
`;

exports[`index renders nothing when there is no data 1`] = `<DocumentFragment />`;
