// Jest Snapshot v1, https://goo.gl/fbAQLP

exports[`ListApps renders 1`] = `
<DocumentFragment>
  <div
    class="tools-control-group"
  >
    <div
      class="control-menu-level-1-heading"
    />
  </div>
  <nav
    class="management-bar navbar navbar-expand-md management-bar-light"
  >
    <div
      class="container-fluid container-fluid-max-xl"
    >
      <ul
        class="navbar-nav"
      >
        <li
          class="nav-item"
        >
          <div
            class="dropdown"
          >
            <button
              class="dropdown-toggle nav-link btn btn-unstyled"
              id="filter-and-order"
              style=""
              type="button"
            >
              <span
                class="navbar-breakpoint-down-d-none"
              >
                filter-and-order
                <svg
                  class="lexicon-icon lexicon-icon-caret-bottom inline-item inline-item-after"
                  role="presentation"
                >
                  <use
                    xlink:href="#caret-bottom"
                  />
                </svg>
              </span>
              <span
                class="navbar-breakpoint-d-none"
              >
                <svg
                  class="lexicon-icon lexicon-icon-filter inline-item inline-item-after"
                  role="presentation"
                >
                  <use
                    xlink:href="#filter"
                  />
                </svg>
              </span>
            </button>
          </div>
        </li>
        <li
          class="nav-item"
        >
          <button
            class="nav-link nav-link-monospaced order-arrow-down-active btn btn-monospaced btn-unstyled"
            data-title="reverse-sort-direction"
            type="button"
          >
            <svg
              class="lexicon-icon lexicon-icon-order-arrow"
              role="presentation"
            >
              <use
                xlink:href="#order-arrow"
              />
            </svg>
          </button>
        </li>
      </ul>
      <div
        class="navbar-form navbar-form-autofit navbar-overlay navbar-overlay-sm-down"
      >
        <div
          class="container-fluid container-fluid-max-xl"
        >
          <form
            role="search"
          >
            <div
              class="input-group"
            >
              <div
                class="input-group-item"
              >
                <input
                  aria-label="search"
                  class="form-control input-group-inset input-group-inset-after"
                  placeholder="search..."
                  type="text"
                  value=""
                />
                <span
                  class="input-group-inset-item input-group-inset-item-after"
                >
                  <button
                    class="navbar-breakpoint-d-none btn btn-monospaced btn-unstyled"
                    type="button"
                  >
                    <svg
                      class="lexicon-icon lexicon-icon-times"
                      role="presentation"
                    >
                      <use
                        xlink:href="#times"
                      />
                    </svg>
                  </button>
                  <button
                    class="btn btn-monospaced btn-unstyled"
                    type="submit"
                  >
                    <svg
                      class="lexicon-icon lexicon-icon-search"
                      role="presentation"
                    >
                      <use
                        xlink:href="#search"
                      />
                    </svg>
                  </button>
                </span>
              </div>
            </div>
          </form>
        </div>
      </div>
      <ul
        class="navbar-nav"
      >
        <li
          class="nav-item navbar-breakpoint-d-none"
        >
          <button
            class="nav-link nav-link-monospaced btn btn-unstyled"
            type="button"
          >
            <svg
              class="lexicon-icon lexicon-icon-search"
              role="presentation"
            >
              <use
                xlink:href="#search"
              />
            </svg>
          </button>
        </li>
        <li
          class="nav-item"
        >
          <button
            class="nav-btn nav-btn-monospaced btn btn-monospaced btn-primary"
            data-title="new-app"
            type="button"
          >
            <svg
              class="lexicon-icon lexicon-icon-plus"
              role="presentation"
            >
              <use
                xlink:href="#plus"
              />
            </svg>
          </button>
        </li>
      </ul>
    </div>
  </nav>
  <div
    class="container-fluid container-fluid-max-xl"
  >
    <div>
      <div
        class="table-responsive"
      >
        <table
          class="table table-autofit table-list"
        >
          <thead>
            <tr
              class=""
            >
              <th
                class="table-cell-expand text-left"
              >
                name
              </th>
              <th
                class="table-cell-expand-smaller text-left"
              >
                object
              </th>
              <th
                class="table-cell-expand-smaller text-left"
              >
                deployed-as
              </th>
              <th
                class="table-cell-expand-smaller text-left"
              >
                create-date
              </th>
              <th
                class="table-cell-expand-smaller text-left"
              >
                modified-date
              </th>
              <th
                class="table-cell-expand-smaller text-left"
              >
                status
              </th>
              <th
                class=""
              />
            </tr>
          </thead>
          <tbody>
            <tr
              class=""
            >
              <td
                class="table-cell-expand text-left"
              >
                <p
                  class="table-list-title"
                >
                  Item 1
                </p>
              </td>
              <td
                class="table-cell-expand-smaller text-left"
              >
                Object
              </td>
              <td
                class="table-cell-expand-smaller text-left"
              >
                standalone
              </td>
              <td
                class="table-cell-expand-smaller text-left"
              >
                months ago
              </td>
              <td
                class="table-cell-expand-smaller text-left"
              >
                months ago
              </td>
              <td
                class="table-cell-expand-smaller text-left"
              >
                <span
                  class="label label-success"
                >
                  <span
                    class="label-item label-item-expand"
                  >
                    deployed
                  </span>
                </span>
              </td>
              <td
                class=""
              >
                <div
                  class="dropdown dropdown-action"
                >
                  <button
                    class="dropdown-toggle page-link btn btn-unstyled"
                    style=""
                    type="button"
                  >
                    <svg
                      class="lexicon-icon lexicon-icon-ellipsis-v"
                      role="presentation"
                    >
                      <use
                        xlink:href="#ellipsis-v"
                      />
                    </svg>
                  </button>
                </div>
              </td>
            </tr>
          </tbody>
        </table>
      </div>
    </div>
  </div>
  <div
    class="popover apps-popover mw-100 hide"
  >
    <div
      class="arrow"
    />
    <div
      class="border-0 popover-header"
    >
      <h4
        class="mb-3"
      >
        new-app
      </h4>
      <span
        class="font-weight-light text-secondary"
      >
        create-an-app-to-manage-the-data-of-an-object
      </span>
    </div>
    <div
      class="popover-body"
    >
      <label>
        object
      </label>
      <div
        class="dropdown"
        label="select-object"
      >
        <button
          class="dropdown-toggle clearfix w-100 btn btn-secondary"
          style=""
          type="button"
        >
          <span
            class="float-left"
          >
            select-object
          </span>
          <svg
            class="lexicon-icon lexicon-icon-caret-bottom float-right icon"
            role="presentation"
          >
            <use
              xlink:href="#caret-bottom"
            />
          </svg>
        </button>
      </div>
    </div>
    <div
      class="popover-footer"
    >
      <div
        class="border-top mt-3 p-3"
        style="width: 450px;"
      >
        <div
          class="d-flex justify-content-end"
        >
          <button
            class="mr-3 btn btn-sm btn-secondary"
            type="button"
          >
            cancel
          </button>
          <button
            class="btn btn-sm btn-primary"
            disabled=""
            type="button"
          >
            continue
          </button>
        </div>
      </div>
    </div>
  </div>
</DocumentFragment>
`;
